<html>
<body>
<pre>
<h1>µVision Build Log</h1>
<h2>Tool Versions:</h2>
IDE-Version: µVision V5.29.0.0
Copyright (C) 2019 ARM Ltd and ARM Germany GmbH. All rights reserved.
License Information: admin admin, admin, LIC=HN0AE-5FX27-RA6DM-XADQA-WCZL5-USJT9
 
Tool Versions:
Toolchain:       MDK-ARM Plus  Version: 5.29.0.0
Toolchain Path:  C:\Keil_v5\ARM\ARMCLANG\Bin
C Compiler:      ArmClang.exe V6.13.1
Assembler:       Armasm.exe V6.13.1
Linker/Locator:  ArmLink.exe V6.13.1
Library Manager: ArmAr.exe V6.13.1
Hex Converter:   FromElf.exe V6.13.1
CPU DLL:         SARMCM3.DLL V5.29.0.0
Dialog DLL:      DCM.DLL V1.17.3.0
Target DLL:      STLink\ST-LINKIII-KEIL_SWO.dll V3.0.7.0
Dialog DLL:      TCM.DLL V1.36.5.0
 
<h2>Project:</h2>
D:\Me\Downloads\RFID\MDK\rfid.uvprojx
Project File Date:  03/27/2025

<h2>Output:</h2>
*** Using Compiler 'V6.13.1', folder: 'C:\Keil_v5\ARM\ARMCLANG\Bin'
Rebuild target 'RFID'
../USER/spi.c(58): warning: implicit conversion loses integer precision: 'uint16_t' (aka 'unsigned short') to 'uint8_t' (aka 'unsigned char') [-Wimplicit-int-conversion]
    return SPI_I2S_ReceiveData(SPI2);
    ~~~~~~ ^~~~~~~~~~~~~~~~~~~~~~~~~
1 warning generated.
compiling spi.c...
../USER/sys.c(1): warning: In file included from...
../USER/sys.h(12): warning: no newline at end of file [-Wnewline-eof]
#endif
      ^
1 warning generated.
compiling sys.c...
../USER/main.c(1): warning: In file included from...
../USER/sys.h(12): warning: no newline at end of file [-Wnewline-eof]
#endif
      ^
1 warning generated.
compiling main.c...
compiling gpio.c...
compiling tim2.c...
compiling rfid.c...
compiling uart.c...
assembling startup_stm32f10x_md.s...
C:/Users/MSII/AppData/Local/Arm/Packs/Keil/STM32F1xx_DFP/2.4.1/Device/StdPeriph_Driver/src/misc.c(131): warning: implicit conversion loses integer precision: 'uint32_t' (aka 'unsigned int') to 'uint8_t' (aka 'unsigned char') [-Wimplicit-int-conversion]
    NVIC->IPR[NVIC_InitStruct->NVIC_IRQChannel] = tmppriority;
                                                ~ ^~~~~~~~~~~
1 warning generated.
compiling misc.c...
compiling stm32f10x_gpio.c...
compiling stm32f10x_rcc.c...
C:/Users/MSII/AppData/Local/Arm/Packs/Keil/STM32F1xx_DFP/2.4.1/Device/StdPeriph_Driver/src/stm32f10x_usart.c(22): warning: In file included from...
C:/Users/MSII/AppData/Local/Arm/Packs/Keil/STM32F1xx_DFP/2.4.1/Device/StdPeriph_Driver/inc\stm32f10x_usart.h(49): warning: padding size of 'USART_InitTypeDef' with 2 bytes to alignment boundary [-Wpadded]
typedef struct
        ^
C:/Users/MSII/AppData/Local/Arm/Packs/Keil/STM32F1xx_DFP/2.4.1/Device/StdPeriph_Driver/src/stm32f10x_usart.c(1043): warning: implicit conversion loses integer precision: 'int' to 'uint16_t' (aka 'unsigned short') [-Wimplicit-int-conversion]
  itmask = ((uint16_t)0x01 << (uint16_t)bitpos);
         ~  ~~~~~~~~~~~~~~~^~~~~~~~~~~~~~~~~~~
2 warnings generated.
compiling stm32f10x_usart.c...
C:/Users/MSII/AppData/Local/Arm/Packs/Keil/STM32F1xx_DFP/2.4.1/Device/StdPeriph_Driver/src/stm32f10x_spi.c(22): warning: In file included from...
C:/Users/MSII/AppData/Local/Arm/Packs/Keil/STM32F1xx_DFP/2.4.1/Device/StdPeriph_Driver/inc\stm32f10x_spi.h(86): warning: padding size of 'I2S_InitTypeDef' with 2 bytes to alignment boundary [-Wpadded]
typedef struct
        ^
C:/Users/MSII/AppData/Local/Arm/Packs/Keil/STM32F1xx_DFP/2.4.1/Device/StdPeriph_Driver/src/stm32f10x_spi.c(493): warning: implicit conversion loses integer precision: 'int' to 'uint16_t' (aka 'unsigned short') [-Wimplicit-int-conversion]
  itmask = (uint16_t)1 << (uint16_t)itpos;
         ~ ~~~~~~~~~~~~^~~~~~~~~~~~~~~~~~
C:/Users/MSII/AppData/Local/Arm/Packs/Keil/STM32F1xx_DFP/2.4.1/Device/StdPeriph_Driver/src/stm32f10x_spi.c(838): warning: implicit conversion loses integer precision: 'int' to 'uint16_t' (aka 'unsigned short') [-Wimplicit-int-conversion]
  itpos = 0x01 << (SPI_I2S_IT & 0x0F);
        ~ ~~~~~^~~~~~~~~~~~~~~~~~~~~~
C:/Users/MSII/AppData/Local/Arm/Packs/Keil/STM32F1xx_DFP/2.4.1/Device/StdPeriph_Driver/src/stm32f10x_spi.c(844): warning: implicit conversion loses integer precision: 'int' to 'uint16_t' (aka 'unsigned short') [-Wimplicit-int-conversion]
  itmask = 0x01 << itmask;
         ~ ~~~~~^~~~~~~~~
C:/Users/MSII/AppData/Local/Arm/Packs/Keil/STM32F1xx_DFP/2.4.1/Device/StdPeriph_Driver/src/stm32f10x_spi.c(890): warning: implicit conversion loses integer precision: 'int' to 'uint16_t' (aka 'unsigned short') [-Wimplicit-int-conversion]
  itpos = 0x01 << (SPI_I2S_IT & 0x0F);
        ~ ~~~~~^~~~~~~~~~~~~~~~~~~~~~
5 warnings generated.
compiling stm32f10x_spi.c...
RTE/Device/STM32F103C8/system_stm32f10x.c(166): warning: no previous extern declaration for non-static variable 'AHBPrescTable' [-Wmissing-variable-declarations]
__I uint8_t AHBPrescTable[16] = {0, 0, 0, 0, 0, 0, 0, 0, 1, 2, 3, 4, 6, 7, 8, 9};
            ^
RTE/Device/STM32F103C8/system_stm32f10x.c(166): note: declare 'static' if the variable is not intended to be used outside of this translation unit
__I uint8_t AHBPrescTable[16] = {0, 0, 0, 0, 0, 0, 0, 0, 1, 2, 3, 4, 6, 7, 8, 9};
    ^
1 warning generated.
compiling system_stm32f10x.c...
C:/Users/MSII/AppData/Local/Arm/Packs/Keil/STM32F1xx_DFP/2.4.1/Device/StdPeriph_Driver/src/stm32f10x_tim.c(22): warning: In file included from...
C:/Users/MSII/AppData/Local/Arm/Packs/Keil/STM32F1xx_DFP/2.4.1/Device/StdPeriph_Driver/inc\stm32f10x_tim.h(50): warning: padding size of 'TIM_TimeBaseInitTypeDef' with 1 byte to alignment boundary [-Wpadded]
typedef struct
        ^
C:/Users/MSII/AppData/Local/Arm/Packs/Keil/STM32F1xx_DFP/2.4.1/Device/StdPeriph_Driver/src/stm32f10x_tim.c(725): warning: implicit conversion loses integer precision: 'unsigned int' to 'uint16_t' (aka 'unsigned short') [-Wimplicit-int-conversion]
             TIM_BDTRInitStruct->TIM_Break | TIM_BDTRInitStruct->TIM_BreakPolarity |
             ~~~~~~~~~~~~~~~~~~~~~~~~~~~~~~~~~~~~~~~~~~~~~~~~~~~~~~~~~~~~~~~~~~~~~~^
C:/Users/MSII/AppData/Local/Arm/Packs/Keil/STM32F1xx_DFP/2.4.1/Device/StdPeriph_Driver/src/stm32f10x_tim.c(1982): warning: implicit conversion loses integer precision: 'int' to 'uint16_t' (aka 'unsigned short') [-Wimplicit-int-conversion]
  tmp = CCER_CCE_Set << TIM_Channel;
      ~ ~~~~~~~~~~~~~^~~~~~~~~~~~~~
C:/Users/MSII/AppData/Local/Arm/Packs/Keil/STM32F1xx_DFP/2.4.1/Device/StdPeriph_Driver/src/stm32f10x_tim.c(2012): warning: implicit conversion loses integer precision: 'int' to 'uint16_t' (aka 'unsigned short') [-Wimplicit-int-conversion]
  tmp = CCER_CCNE_Set << TIM_Channel;
      ~ ~~~~~~~~~~~~~~^~~~~~~~~~~~~~
C:/Users/MSII/AppData/Local/Arm/Packs/Keil/STM32F1xx_DFP/2.4.1/Device/StdPeriph_Driver/src/stm32f10x_tim.c(2057): warning: implicit conversion loses integer precision: 'int' to 'uint16_t' (aka 'unsigned short') [-Wimplicit-int-conversion]
  tmp1 = CCER_CCE_Set << (uint16_t)TIM_Channel;
       ~ ~~~~~~~~~~~~~^~~~~~~~~~~~~~~~~~~~~~~~
5 warnings generated.
compiling stm32f10x_tim.c...
linking...
Program Size: Code=1908 RO-data=252 RW-data=0 ZI-data=1640  
".\Objects\rfid.axf" - 0 Error(s), 17 Warning(s).

<h2>Software Packages used:</h2>

Package Vendor: ARM
                https://www.keil.com/pack/ARM.CMSIS.6.1.0.pack
                ARM.CMSIS.6.1.0
                CMSIS (Common Microcontroller Software Interface Standard)
   * Component: CORE Version: 6.1.0

Package Vendor: Keil
                https://www.keil.com/pack/Keil.STM32F1xx_DFP.2.4.1.pack
                Keil.STM32F1xx_DFP.2.4.1
                STMicroelectronics STM32F1 Series Device Support, Drivers and Examples
   * Component: Startup Version: 1.0.0
   * Component: Framework Version: 3.6.0
   * Component: GPIO Version: 3.6.0
   * Component: RCC Version: 3.6.0
   * Component: SPI Version: 3.6.0
   * Component: TIM Version: 3.6.0
   * Component: USART Version: 3.6.0

<h2>Collection of Component include folders:</h2>
  .\RTE\Device\STM32F103C8
  .\RTE\_RFID
  C:\Users\MSII\AppData\Local\Arm\Packs\ARM\CMSIS\6.1.0\CMSIS\Core\Include
  C:\Users\MSII\AppData\Local\Arm\Packs\Keil\STM32F1xx_DFP\2.4.1\Device\Include
  C:\Users\MSII\AppData\Local\Arm\Packs\Keil\STM32F1xx_DFP\2.4.1\Device\StdPeriph_Driver\inc

<h2>Collection of Component Files used:</h2>

   * Component: ARM::CMSIS:CORE:6.1.0

   * Component: Keil::Device:Startup:1.0.0
      Source file:   Device\Source\ARM\startup_stm32f10x_md.s
      Source file:   Device\Source\system_stm32f10x.c
      Include file:  RTE_Driver\Config\RTE_Device.h
      Source file:   Device\Source\ARM\STM32F1xx_OPT.s

   * Component: Keil::Device:StdPeriph Drivers:Framework:3.6.0
      Include file:  Device\StdPeriph_Driver\templates\stm32f10x_it.h
      Source file:   Device\StdPeriph_Driver\templates\stm32f10x_conf.h
      Include file:  Device\StdPeriph_Driver\inc\misc.h
      Source file:   Device\StdPeriph_Driver\src\misc.c
      Source file:   Device\StdPeriph_Driver\templates\stm32f10x_it.c

   * Component: Keil::Device:StdPeriph Drivers:GPIO:3.6.0
      Source file:   Device\StdPeriph_Driver\src\stm32f10x_gpio.c
      Include file:  Device\StdPeriph_Driver\inc\stm32f10x_gpio.h

   * Component: Keil::Device:StdPeriph Drivers:RCC:3.6.0
      Include file:  Device\StdPeriph_Driver\inc\stm32f10x_rcc.h
      Source file:   Device\StdPeriph_Driver\src\stm32f10x_rcc.c

   * Component: Keil::Device:StdPeriph Drivers:SPI:3.6.0
      Include file:  Device\StdPeriph_Driver\inc\stm32f10x_spi.h
      Source file:   Device\StdPeriph_Driver\src\stm32f10x_spi.c

   * Component: Keil::Device:StdPeriph Drivers:TIM:3.6.0
      Include file:  Device\StdPeriph_Driver\inc\stm32f10x_tim.h
      Source file:   Device\StdPeriph_Driver\src\stm32f10x_tim.c

   * Component: Keil::Device:StdPeriph Drivers:USART:3.6.0
      Source file:   Device\StdPeriph_Driver\src\stm32f10x_usart.c
      Include file:  Device\StdPeriph_Driver\inc\stm32f10x_usart.h
Build Time Elapsed:  00:00:01
</pre>
</body>
</html>
